<?xml version="1.0"?>
<testsuite name="Chrome 54.0.2840 (Windows 7 0.0.0)" package="" timestamp="2016-11-29T08:55:11" id="0" hostname="PHIPHOU-PC" tests="6" errors="0" failures="0" time="0.005">
  <properties>
    <property name="browser.fullName" value="Mozilla/5.0 (Windows NT 6.1; Win64; x64) AppleWebKit/537.36 (KHTML, like Gecko) Chrome/54.0.2840.99 Safari/537.36"/>
  </properties>
  <testcase name="PeopleList.vue should be pending false before mount" time="0.001" classname="Chrome_54_0_2840_(Windows_7_0_0_0).PeopleList.vue"/>
  <testcase name="PeopleList.vue should be pending true at mount" time="0.001" classname="Chrome_54_0_2840_(Windows_7_0_0_0).PeopleList.vue"/>
  <testcase name="PeopleList.vue should capitalize first letter" time="0" classname="Chrome_54_0_2840_(Windows_7_0_0_0).PeopleList.vue"/>
  <testcase name="Call API should work with async code" time="0.001" classname="Chrome_54_0_2840_(Windows_7_0_0_0).Call API"/>
  <testcase name="Call API should not be pending at the end" time="0" classname="Chrome_54_0_2840_(Windows_7_0_0_0).Call API"/>
  <testcase name="Call API should filter correctly" time="0.002" classname="Chrome_54_0_2840_(Windows_7_0_0_0).Call API"/>
  <system-out>
    <![CDATA[Chrome 54.0.2840 (Windows 7 0.0.0) LOG: 'Download the Vue Devtools for a better development experience:
https://github.com/vuejs/vue-devtools'

]]>
  </system-out>
  <system-err/>
</testsuite>